// Jest Snapshot v1, https://goo.gl/fbAQLP

exports[`People page renders correctly 1`] = `
[
  <div
    className="MuiFormControl-root css-1anm9we-MuiFormControl-root"
  >
    <div
      className="MuiFormControl-root MuiFormControl-fullWidth MuiTextField-root css-wb57ya-MuiFormControl-root-MuiTextField-root"
    >
      <label
        className="MuiFormLabel-root MuiInputLabel-root MuiInputLabel-formControl MuiInputLabel-animated MuiInputLabel-shrink MuiInputLabel-outlined MuiFormLabel-colorPrimary MuiInputLabel-root MuiInputLabel-formControl MuiInputLabel-animated MuiInputLabel-shrink MuiInputLabel-outlined css-1sumxir-MuiFormLabel-root-MuiInputLabel-root"
        data-shrink={true}
        htmlFor=":r0:"
        id=":r0:-label"
      >
        Search by name
      </label>
      <div
        className="MuiInputBase-root MuiOutlinedInput-root MuiInputBase-colorPrimary MuiInputBase-fullWidth MuiInputBase-formControl MuiInputBase-adornedStart css-8j6b76-MuiInputBase-root-MuiOutlinedInput-root"
        onClick={[Function]}
      >
        <div
          className="MuiInputAdornment-root MuiInputAdornment-positionStart MuiInputAdornment-outlined MuiInputAdornment-sizeMedium css-ittuaa-MuiInputAdornment-root"
        >
          <span
            className="notranslate"
          >
            â€‹
          </span>
          <svg
            aria-hidden={true}
            className="MuiSvgIcon-root MuiSvgIcon-fontSizeMedium css-i4bv87-MuiSvgIcon-root"
            data-testid="SearchIcon"
            focusable="false"
            viewBox="0 0 24 24"
          >
            <path
              d="M15.5 14h-.79l-.28-.27C15.41 12.59 16 11.11 16 9.5 16 5.91 13.09 3 9.5 3S3 5.91 3 9.5 5.91 16 9.5 16c1.61 0 3.09-.59 4.23-1.57l.27.28v.79l5 4.99L20.49 19l-4.99-5zm-6 0C7.01 14 5 11.99 5 9.5S7.01 5 9.5 5 14 7.01 14 9.5 11.99 14 9.5 14z"
            />
          </svg>
        </div>
        <input
          aria-invalid={false}
          autoFocus={false}
          className="MuiInputBase-input MuiOutlinedInput-input MuiInputBase-inputAdornedStart css-1o9s3wi-MuiInputBase-input-MuiOutlinedInput-input"
          disabled={false}
          id=":r0:"
          onAnimationStart={[Function]}
          onBlur={[Function]}
          onChange={[Function]}
          onFocus={[Function]}
          required={false}
          type="text"
        />
        <fieldset
          aria-hidden={true}
          className="MuiOutlinedInput-notchedOutline css-1d3z3hw-MuiOutlinedInput-notchedOutline"
        >
          <legend
            className="css-14lo706"
          >
            <span>
              Search by name
            </span>
          </legend>
        </fieldset>
      </div>
    </div>
  </div>,
  <div
    className="MuiPaper-root MuiPaper-elevation MuiPaper-rounded MuiPaper-elevation1 MuiTableContainer-root css-11xur9t-MuiPaper-root-MuiTableContainer-root"
  >
    <table
      className="MuiTable-root css-rqglhn-MuiTable-root"
      role={null}
    >
      <thead
        className="MuiTableHead-root css-13rqw8u-MuiTableHead-root"
        role={null}
      >
        <tr
          className="MuiTableRow-root MuiTableRow-hover MuiTableRow-head css-1q1u3t4-MuiTableRow-root"
          role={null}
        >
          <th
            aria-sort={null}
            className="MuiTableCell-root MuiTableCell-head MuiTableCell-alignCenter MuiTableCell-sizeMedium css-1ndpvdd-MuiTableCell-root"
            scope="col"
          >
            Id
          </th>
          <th
            aria-sort={null}
            className="MuiTableCell-root MuiTableCell-head MuiTableCell-alignCenter MuiTableCell-sizeMedium css-1ndpvdd-MuiTableCell-root"
            scope="col"
          >
            Name
          </th>
          <th
            aria-sort={null}
            className="MuiTableCell-root MuiTableCell-head MuiTableCell-alignCenter MuiTableCell-sizeMedium css-1ndpvdd-MuiTableCell-root"
            scope="col"
          >
            Color of skin
          </th>
          <th
            aria-sort={null}
            className="MuiTableCell-root MuiTableCell-head MuiTableCell-alignCenter MuiTableCell-sizeMedium css-1ndpvdd-MuiTableCell-root"
            scope="col"
          >
            Height
          </th>
          <th
            aria-sort={null}
            className="MuiTableCell-root MuiTableCell-head MuiTableCell-alignCenter MuiTableCell-sizeMedium css-1ndpvdd-MuiTableCell-root"
            scope="col"
          >
            Mass
          </th>
          <th
            aria-sort={null}
            className="MuiTableCell-root MuiTableCell-head MuiTableCell-alignCenter MuiTableCell-sizeMedium css-1ndpvdd-MuiTableCell-root"
            scope="col"
          >
            Day of birth
          </th>
        </tr>
      </thead>
      <tbody
        className="MuiTableBody-root css-apqrd9-MuiTableBody-root"
        role={null}
      >
        <tr
          className="MuiTableRow-root css-1q1u3t4-MuiTableRow-root"
          role={null}
        >
          <td
            aria-sort={null}
            className="MuiTableCell-root MuiTableCell-body MuiTableCell-sizeMedium css-1ex1afd-MuiTableCell-root"
          >
            No data provided.
          </td>
        </tr>
      </tbody>
    </table>
  </div>,
]
`;
